{
  "schema_version": "1.0",
  "repo": {
    "name": "stagecraft",
    "default_branch": "main"
  },
  "range": {
    "from": "origin/main",
    "to": "HEAD",
    "description": "origin/main..HEAD"
  },
  "summary": {
    "total_commits": 2,
    "valid_commits": 1,
    "invalid_commits": 1,
    "violations_by_code": {
      "MISSING_FEATURE_ID": 1
    }
  },
  "rules": [
    {
      "code": "MISSING_FEATURE_ID",
      "description": "Commit message is missing a Feature ID in the required format.",
      "severity": "error"
    },
    {
      "code": "MULTIPLE_FEATURE_IDS",
      "description": "Commit message references multiple Feature IDs; only one is allowed per commit.",
      "severity": "error"
    },
    {
      "code": "INVALID_FEATURE_ID_FORMAT",
      "description": "Feature ID does not match SCREAMING_SNAKE_CASE format.",
      "severity": "error"
    },
    {
      "code": "FEATURE_ID_NOT_IN_SPEC",
      "description": "Feature ID is not defined in spec/features.yaml.",
      "severity": "error"
    },
    {
      "code": "SUMMARY_TOO_LONG",
      "description": "Commit summary exceeds 72 characters.",
      "severity": "warning"
    },
    {
      "code": "SUMMARY_HAS_TRAILING_PERIOD",
      "description": "Commit summary ends with a period.",
      "severity": "warning"
    },
    {
      "code": "SUMMARY_STARTS_WITH_UPPERCASE",
      "description": "Commit summary starts with an uppercase letter.",
      "severity": "warning"
    },
    {
      "code": "INVALID_FORMAT_GENERIC",
      "description": "Commit message does not match required format.",
      "severity": "error"
    }
  ],
  "commits": {
    "abc123": {
      "subject": "feat(CLI_DEPLOY): add deploy support",
      "is_valid": true,
      "violations": null
    },
    "def456": {
      "subject": "chore: update docs",
      "is_valid": false,
      "violations": [
        {
          "code": "MISSING_FEATURE_ID",
          "severity": "error",
          "message": "Commit message is missing a Feature ID in the required format.",
          "details": {}
        }
      ]
    }
  }
}
