Initialize Stagecraft configuration in the current directory.

This command will create a minimal Stagecraft config file and guide you
through initial setup. In future iterations it will support more advanced
provider-specific bootstrapping.

Usage:
  stagecraft init [flags]

Flags:
  -h, --help                  help for init
      --non-interactive       run without interactive prompts and use defaults
      --project-name string   project name (default: directory name)

Global Flags:
  -c, --config string   path to stagecraft.yml
      --dry-run         show actions without executing
  -e, --env string      target environment
  -v, --verbose         enable verbose output
