Initialize Stagecraft configuration in the current directory.

This command will create a minimal Stagecraft config file and guide you
through initial setup. In future iterations it will support more advanced
provider-specific bootstrapping.

Usage:
  stagecraft init [flags]

Flags:
      --config string     path to Stagecraft config file (default: stagecraft.yml)
  -h, --help              help for init
      --non-interactive   run without interactive prompts and use defaults
